******************************************************************************
                  TI ARM Linker PC v15.12.3                    
******************************************************************************
>> Linked Fri Nov 11 19:21:06 2016

OUTPUT FILE NAME:   <18FEF100.out>
ENTRY POINT SYMBOL: "_c_int00"  address: 00005ac8


MEMORY CONFIGURATION

         name            origin    length      used     unused   attr    fill
----------------------  --------  ---------  --------  --------  ----  --------
  VECTORS               00000000   00000020  00000020  00000000     X
  FLASH0                00000020   0017ffe0  00006854  0017978c  R  X
  FLASH1                00180000   00180000  00000000  00180000  R  X
  STACKS                08000000   00001500  00000000  00001500  RW  
  RAM                   08001500   0003eb00  00000014  0003eaec  RW  


SEGMENT ALLOCATION MAP

run origin  load origin   length   init length attrs members
----------  ----------- ---------- ----------- ----- -------
00000000    00000000    00006874   00006874    r-x
  00000000    00000000    00000020   00000020    r-x .intvecs
  00000020    00000020    00006688   00006688    r-x .text
  000066a8    000066a8    000001a8   000001a8    r-- .const
  00006850    00006850    00000024   00000024    r-- .cinit
08001500    08001500    00000014   00000000    rw-
  08001500    08001500    00000014   00000000    rw- .data


SECTION ALLOCATION MAP

 output                                  attributes/
section   page    origin      length       input sections
--------  ----  ----------  ----------   ----------------
.intvecs   0    00000000    00000020     
                  00000000    00000020     sys_intvecs.obj (.intvecs)

.text      0    00000020    00006688     
                  00000020    00002cdc     sys_selftest.obj (.text)
                  00002cfc    00000b28     system.obj (.text)
                  00003824    00000aa8     can.obj (.text)
                  000042cc    00000898     sys_vim.obj (.text)
                  00004b64    00000630     pinmux.obj (.text)
                  00005194    000005e8     esm.obj (.text)
                  0000577c    0000034c     sys_core.obj (.text)
                  00005ac8    00000298     sys_startup.obj (.text:retain)
                  00005d60    00000294     sys_vim.obj (.text:retain)
                  00005ff4    00000114     esm.obj (.text:retain)
                  00006108    000000e8     dabort.obj (.text)
                  000061f0    000000e0     sys_pmu.obj (.text)
                  000062d0    000000a8     notification.obj (.text)
                  00006378    0000009c     rtsv7R4_T_be_v3D16_eabi.lib : memcpy_t2.obj (.text)
                  00006414    0000007a                                 : memset_t2.obj (.text)
                  0000648e    00000002                                 : startup.obj (.text)
                  00006490    00000074     sys_main.obj (.text)
                  00006504    00000070     rtsv7R4_T_be_v3D16_eabi.lib : autoinit.obj (.text)
                  00006574    0000006a                                 : copy_decompress_rle.obj (.text)
                  000065de    00000002     --HOLE-- [fill = 0]
                  000065e0    00000050                                 : exit.obj (.text)
                  00006630    0000004c                                 : cpy_tbl.obj (.text)
                  0000667c    00000014                                 : _lock.obj (.text)
                  00006690    0000000e                                 : copy_decompress_none.obj (.text:decompress:none)
                  0000669e    00000006                                 : copy_decompress_rle.obj (.text:decompress:rle24)
                  000066a4    00000004     sys_phantom.obj (.text:retain)

.const     0    000066a8    000001a8     
                  000066a8    00000180     sys_vim.obj (.const:s_vim_init)
                  00006828    00000020     can.obj (.const:s_canByteOrder)
                  00006848    00000008     sys_main.obj (.const:.string:$P$T0$1)

.cinit     0    00006850    00000024     
                  00006850    00000012     (.cinit..data.load) [load image, compression = rle]
                  00006862    00000002     --HOLE-- [fill = 0]
                  00006864    00000008     (__TI_handler_table)
                  0000686c    00000008     (__TI_cinit_table)

.data      0    08001500    00000014     UNINITIALIZED
                  08001500    0000000c     rtsv7R4_T_be_v3D16_eabi.lib : exit.obj (.data:$O1$$)
                  0800150c    00000008                                 : _lock.obj (.data:$O1$$)

MODULE SUMMARY

       Module                     code    ro data   rw data
       ------                     ----    -------   -------
    .\SRC\source\
       sys_selftest.obj           11484   0         0      
       sys_vim.obj                2860    384       0      
       system.obj                 2856    0         0      
       can.obj                    2728    32        0      
       esm.obj                    1788    0         0      
       pinmux.obj                 1584    0         0      
       sys_core.obj               844     0         0      
       sys_startup.obj            664     0         0      
       dabort.obj                 232     0         0      
       sys_pmu.obj                224     0         0      
       notification.obj           168     0         0      
       sys_main.obj               116     8         0      
       sys_intvecs.obj            32      0         0      
       sys_phantom.obj            4       0         0      
    +--+--------------------------+-------+---------+---------+
       Total:                     25584   424       0      
                                                           
    C:/ti/ccsv6/tools/compiler/arm_15.12.3.LTS/lib/rtsv7R4_T_be_v3D16_eabi.lib
       memcpy_t2.obj              156     0         0      
       memset_t2.obj              122     0         0      
       autoinit.obj               112     0         0      
       copy_decompress_rle.obj    112     0         0      
       exit.obj                   80      0         12     
       cpy_tbl.obj                76      0         0      
       _lock.obj                  20      0         8      
       copy_decompress_none.obj   14      0         0      
       startup.obj                2       0         0      
    +--+--------------------------+-------+---------+---------+
       Total:                     694     0         20     
                                                           
       Linker Generated:          0       34        0      
    +--+--------------------------+-------+---------+---------+
       Grand Total:               26278   458       20     


LINKER GENERATED COPY TABLES

__TI_cinit_table @ 0000686c records: 1, size/record: 8, table size: 8
	.data: load addr=00006850, load size=00000012 bytes, run addr=08001500, run size=00000014 bytes, compression=rle


LINKER GENERATED HANDLER TABLE

__TI_handler_table @ 00006864 records: 2, size/record: 4, table size: 8
	index: 0, handler: __TI_decompress_rle24
	index: 1, handler: __TI_decompress_none


GLOBAL SYMBOLS: SORTED ALPHABETICALLY BY Name 

address   name                                
-------   ----                                
000065e1  C$$EXIT                             
UNDEFED   SHT$$INIT_ARRAY$$Base               
UNDEFED   SHT$$INIT_ARRAY$$Limit              
0000686c  __TI_CINIT_Base                     
00006874  __TI_CINIT_Limit                    
00006864  __TI_Handler_Table_Base             
0000686c  __TI_Handler_Table_Limit            
00005ac0  __TI_PINIT_Base                     
00005ac4  __TI_PINIT_Limit                    
00006505  __TI_auto_init                      
08001500  __TI_cleanup_ptr                    
00006691  __TI_decompress_none                
0000669f  __TI_decompress_rle24               
08001504  __TI_dtors_ptr                      
08001508  __TI_enable_exit_profile_output     
ffffffff  __TI_pprof_out_hndl                 
ffffffff  __TI_prof_data_size                 
ffffffff  __TI_prof_data_start                
00000000  __TI_static_base__                  
00006415  __aeabi_memclr                      
00006415  __aeabi_memclr4                     
00006415  __aeabi_memclr8                     
00006379  __aeabi_memcpy                      
00006379  __aeabi_memcpy4                     
00006379  __aeabi_memcpy8                     
00006417  __aeabi_memset                      
00006417  __aeabi_memset4                     
00006417  __aeabi_memset8                     
ffffffff  __binit__                           
ffffffff  __c_args__                          
00005ac8  _c_int00                            
000059d8  _coreClearAuxiliaryDataFault_       
000059ec  _coreClearAuxiliaryInstructionFault_
000059b0  _coreClearDataFaultAddress_         
00005988  _coreClearDataFault_                
000059c4  _coreClearInstructionFaultAddress_  
0000599c  _coreClearInstructionFault_         
0000591c  _coreDisableEventBusExport_         
00005960  _coreDisableFlashEcc_               
0000593c  _coreDisableRamEcc_                 
0000590c  _coreEnableEventBusExport_          
0000594c  _coreEnableFlashEcc_                
00005970  _coreEnableIrqVicOffset_            
0000592c  _coreEnableRamEcc_                  
000058f4  _coreEnableVfp_                     
000059d0  _coreGetAuxiliaryDataFault_         
000059e4  _coreGetAuxiliaryInstructionFault_  
000059a8  _coreGetDataFaultAddress_           
00005980  _coreGetDataFault_                  
000059bc  _coreGetInstructionFaultAddress_    
00005994  _coreGetInstructionFault_           
0000577c  _coreInitRegisters_                 
00005888  _coreInitStackPointer_              
00006108  _dabort                             
00005a00  _disable_FIQ_interrupt_             
00005a08  _disable_IRQ_interrupt_             
000059f8  _disable_interrupt_                 
00005a10  _enable_interrupt_                  
00005aa0  _errata_CORTEXR4_57_                
00005ab0  _errata_CORTEXR4_66_                
00005a18  _esmCcmErrorsClear_                 
000058d4  _getCPSRValue_                      
000058dc  _gotoCPUIdle_                       
0800150c  _lock                               
0000668b  _nop                                
0000624c  _pmuDisableCountersGlobal_          
0000623c  _pmuEnableCountersGlobal_           
000062a8  _pmuGetCycleCount_                  
000062b0  _pmuGetEventCount_                  
000062bc  _pmuGetOverflow_                    
000061f0  _pmuInit_                           
0000627c  _pmuResetCounters_                  
0000625c  _pmuResetCycleCounter_              
0000626c  _pmuResetEventCounters_             
0000629c  _pmuSetCountEvent_                  
0000628c  _pmuStartCounters_                  
00006294  _pmuStopCounters_                   
00006683  _register_lock                      
0000667d  _register_unlock                    
0000648f  _system_post_cinit                  
08001510  _unlock                             
000065e5  abort                               
0000126c  adc1ParityCheck                     
00001358  adc2ParityCheck                     
ffffffff  binit                               
00004110  can1GetConfigValue                  
00001410  can1ParityCheck                     
000014e8  can2ParityCheck                     
000015b0  can3ParityCheck                     
00003fb0  canDisableErrorNotification         
00003f90  canDisableStatusChangeNotification  
00004008  canDisableloopback                  
00003f50  canEnableErrorNotification          
00003f70  canEnableStatusChangeNotification   
00003fd0  canEnableloopback                   
00006328  canErrorNotification                
00003cf8  canFillMessageObjectData            
00003a20  canGetData                          
00003f2c  canGetErrorLevel                    
00003b78  canGetID                            
00003f08  canGetLastError                     
00003824  canInit                             
000040f4  canIoRxGetBit                       
00004038  canIoSetDirection                   
00004088  canIoSetPort                        
000040d8  canIoTxGetBit                       
00003eac  canIsMessageBoxValid                
00003e50  canIsRxMessageArrived               
00003df4  canIsTxMessagePending               
00006350  canMessageNotification              
00003c58  canSendRemoteFrame                  
0000633c  canStatusChangeNotification         
00003924  canTransmit                         
00003be0  canUpdateID                         
00000030  ccmSelfCheck                        
000026fc  ccmr4GetConfigValue                 
00000938  checkB0RAMECC                       
00000b28  checkB1RAMECC                       
00001c18  checkClockMonitor                   
00000d18  checkFlashECC                       
00001cf4  checkFlashEEPROMECC                 
00001e8c  checkPLL1Slip                       
00001f8c  checkPLL2Slip                       
00002050  checkRAMAddrParity                  
000019d0  checkRAMECC                         
0000215c  checkRAMUERRTest                    
000007bc  checkefcSelfTest                    
00006631  copy_in                             
00000234  cpuSelfTest                         
00000dfc  cpuSelfTestFail                     
00000df4  custom_dabort                       
00002b58  disableParity                       
00006364  dmaGroupANotification               
00000eac  dmaParityCheck                      
00000660  efcCheck                            
00002660  efcGetConfigValue                   
00000794  efcSelfTest                         
000006e8  efcStuckZeroTest                    
00002ad0  enableParity                        
0000276c  errata_PBIST_4                      
00005320  esmActivateNormalOperation          
00005404  esmClearStatus                      
00005450  esmClearStatusBuffer                
000052e4  esmDisableError                     
0000535c  esmDisableInterrupt                 
000052b8  esmEnableError                      
00005330  esmEnableInterrupt                  
00005550  esmEnterSelfTest                    
0000529c  esmError                            
00005628  esmGetConfigValue                   
0000548c  esmGetStatus                        
00005518  esmGetStatusBuffer                  
000062d0  esmGroup1Notification               
000062e0  esmGroup2Notification               
00005ff4  esmHighInterrupt                    
00005194  esmInit                             
000055d8  esmSelfTestStatus                   
0000546c  esmSetCounterPreloadValue           
00005388  esmSetInterruptLevel                
00005310  esmTriggerErrorPinReset             
000065ed  exit                                
000022c4  fmcBus1ParityCheck                  
0000085c  fmcBus2Check                        
00000898  fmcECCcheck                         
00000f58  het1ParityCheck                     
000010c0  het2ParityCheck                     
00001004  htu1ParityCheck                     
000011bc  htu2ParityCheck                     
00006490  main                                
00002e38  mapClocks                           
00006379  memcpy                              
00000174  memoryInit                          
000062f0  memoryPort0TestFailNotification     
0000630c  memoryPort1TestFailNotification     
0000641d  memset                              
00001684  mibspi1ParityCheck                  
0000178c  mibspi3ParityCheck                  
000018b0  mibspi5ParityCheck                  
00004b64  muxInit                             
000023ec  pbistFail                           
00002470  pbistGetConfigValue                 
000005a8  pbistIsTestCompleted                
000005d4  pbistIsTestPassed                   
00000608  pbistPortTestStatus                 
000004ac  pbistRun                            
000002cc  pbistSelfCheck                      
00000578  pbistStop                           
00002de4  periphInit                          
000066a4  phantomInterrupt                    
00004ee8  pinmuxGetConfigValue                
00000000  resetEntry                          
00000020  selftestFailNotification            
00002da4  setupFlash                          
00002cfc  setupPLL                            
0000361c  sramGetConfigValue                  
000025bc  stcGetConfigValue                   
000001b8  stcSelfCheck                        
00000df8  stcSelfCheckFail                    
0000305c  systemGetConfigValue                
00002f60  systemInit                          
0000302c  systemPowerDown                     
00003470  tcmflashGetConfigValue              
00002d5c  trimLPO                             
000043a0  vimChannelMap                       
0000459c  vimDisableInterrupt                 
00004444  vimEnableInterrupt                  
00004620  vimGetConfigValue                   
000042cc  vimInit                             
00000e00  vimParityCheck                      
00005d60  vimParityErrorHandler               


GLOBAL SYMBOLS: SORTED BY Symbol Address 

address   name                                
-------   ----                                
00000000  __TI_static_base__                  
00000000  resetEntry                          
00000020  selftestFailNotification            
00000030  ccmSelfCheck                        
00000174  memoryInit                          
000001b8  stcSelfCheck                        
00000234  cpuSelfTest                         
000002cc  pbistSelfCheck                      
000004ac  pbistRun                            
00000578  pbistStop                           
000005a8  pbistIsTestCompleted                
000005d4  pbistIsTestPassed                   
00000608  pbistPortTestStatus                 
00000660  efcCheck                            
000006e8  efcStuckZeroTest                    
00000794  efcSelfTest                         
000007bc  checkefcSelfTest                    
0000085c  fmcBus2Check                        
00000898  fmcECCcheck                         
00000938  checkB0RAMECC                       
00000b28  checkB1RAMECC                       
00000d18  checkFlashECC                       
00000df4  custom_dabort                       
00000df8  stcSelfCheckFail                    
00000dfc  cpuSelfTestFail                     
00000e00  vimParityCheck                      
00000eac  dmaParityCheck                      
00000f58  het1ParityCheck                     
00001004  htu1ParityCheck                     
000010c0  het2ParityCheck                     
000011bc  htu2ParityCheck                     
0000126c  adc1ParityCheck                     
00001358  adc2ParityCheck                     
00001410  can1ParityCheck                     
000014e8  can2ParityCheck                     
000015b0  can3ParityCheck                     
00001684  mibspi1ParityCheck                  
0000178c  mibspi3ParityCheck                  
000018b0  mibspi5ParityCheck                  
000019d0  checkRAMECC                         
00001c18  checkClockMonitor                   
00001cf4  checkFlashEEPROMECC                 
00001e8c  checkPLL1Slip                       
00001f8c  checkPLL2Slip                       
00002050  checkRAMAddrParity                  
0000215c  checkRAMUERRTest                    
000022c4  fmcBus1ParityCheck                  
000023ec  pbistFail                           
00002470  pbistGetConfigValue                 
000025bc  stcGetConfigValue                   
00002660  efcGetConfigValue                   
000026fc  ccmr4GetConfigValue                 
0000276c  errata_PBIST_4                      
00002ad0  enableParity                        
00002b58  disableParity                       
00002cfc  setupPLL                            
00002d5c  trimLPO                             
00002da4  setupFlash                          
00002de4  periphInit                          
00002e38  mapClocks                           
00002f60  systemInit                          
0000302c  systemPowerDown                     
0000305c  systemGetConfigValue                
00003470  tcmflashGetConfigValue              
0000361c  sramGetConfigValue                  
00003824  canInit                             
00003924  canTransmit                         
00003a20  canGetData                          
00003b78  canGetID                            
00003be0  canUpdateID                         
00003c58  canSendRemoteFrame                  
00003cf8  canFillMessageObjectData            
00003df4  canIsTxMessagePending               
00003e50  canIsRxMessageArrived               
00003eac  canIsMessageBoxValid                
00003f08  canGetLastError                     
00003f2c  canGetErrorLevel                    
00003f50  canEnableErrorNotification          
00003f70  canEnableStatusChangeNotification   
00003f90  canDisableStatusChangeNotification  
00003fb0  canDisableErrorNotification         
00003fd0  canEnableloopback                   
00004008  canDisableloopback                  
00004038  canIoSetDirection                   
00004088  canIoSetPort                        
000040d8  canIoTxGetBit                       
000040f4  canIoRxGetBit                       
00004110  can1GetConfigValue                  
000042cc  vimInit                             
000043a0  vimChannelMap                       
00004444  vimEnableInterrupt                  
0000459c  vimDisableInterrupt                 
00004620  vimGetConfigValue                   
00004b64  muxInit                             
00004ee8  pinmuxGetConfigValue                
00005194  esmInit                             
0000529c  esmError                            
000052b8  esmEnableError                      
000052e4  esmDisableError                     
00005310  esmTriggerErrorPinReset             
00005320  esmActivateNormalOperation          
00005330  esmEnableInterrupt                  
0000535c  esmDisableInterrupt                 
00005388  esmSetInterruptLevel                
00005404  esmClearStatus                      
00005450  esmClearStatusBuffer                
0000546c  esmSetCounterPreloadValue           
0000548c  esmGetStatus                        
00005518  esmGetStatusBuffer                  
00005550  esmEnterSelfTest                    
000055d8  esmSelfTestStatus                   
00005628  esmGetConfigValue                   
0000577c  _coreInitRegisters_                 
00005888  _coreInitStackPointer_              
000058d4  _getCPSRValue_                      
000058dc  _gotoCPUIdle_                       
000058f4  _coreEnableVfp_                     
0000590c  _coreEnableEventBusExport_          
0000591c  _coreDisableEventBusExport_         
0000592c  _coreEnableRamEcc_                  
0000593c  _coreDisableRamEcc_                 
0000594c  _coreEnableFlashEcc_                
00005960  _coreDisableFlashEcc_               
00005970  _coreEnableIrqVicOffset_            
00005980  _coreGetDataFault_                  
00005988  _coreClearDataFault_                
00005994  _coreGetInstructionFault_           
0000599c  _coreClearInstructionFault_         
000059a8  _coreGetDataFaultAddress_           
000059b0  _coreClearDataFaultAddress_         
000059bc  _coreGetInstructionFaultAddress_    
000059c4  _coreClearInstructionFaultAddress_  
000059d0  _coreGetAuxiliaryDataFault_         
000059d8  _coreClearAuxiliaryDataFault_       
000059e4  _coreGetAuxiliaryInstructionFault_  
000059ec  _coreClearAuxiliaryInstructionFault_
000059f8  _disable_interrupt_                 
00005a00  _disable_FIQ_interrupt_             
00005a08  _disable_IRQ_interrupt_             
00005a10  _enable_interrupt_                  
00005a18  _esmCcmErrorsClear_                 
00005aa0  _errata_CORTEXR4_57_                
00005ab0  _errata_CORTEXR4_66_                
00005ac0  __TI_PINIT_Base                     
00005ac4  __TI_PINIT_Limit                    
00005ac8  _c_int00                            
00005d60  vimParityErrorHandler               
00005ff4  esmHighInterrupt                    
00006108  _dabort                             
000061f0  _pmuInit_                           
0000623c  _pmuEnableCountersGlobal_           
0000624c  _pmuDisableCountersGlobal_          
0000625c  _pmuResetCycleCounter_              
0000626c  _pmuResetEventCounters_             
0000627c  _pmuResetCounters_                  
0000628c  _pmuStartCounters_                  
00006294  _pmuStopCounters_                   
0000629c  _pmuSetCountEvent_                  
000062a8  _pmuGetCycleCount_                  
000062b0  _pmuGetEventCount_                  
000062bc  _pmuGetOverflow_                    
000062d0  esmGroup1Notification               
000062e0  esmGroup2Notification               
000062f0  memoryPort0TestFailNotification     
0000630c  memoryPort1TestFailNotification     
00006328  canErrorNotification                
0000633c  canStatusChangeNotification         
00006350  canMessageNotification              
00006364  dmaGroupANotification               
00006379  __aeabi_memcpy                      
00006379  __aeabi_memcpy4                     
00006379  __aeabi_memcpy8                     
00006379  memcpy                              
00006415  __aeabi_memclr                      
00006415  __aeabi_memclr4                     
00006415  __aeabi_memclr8                     
00006417  __aeabi_memset                      
00006417  __aeabi_memset4                     
00006417  __aeabi_memset8                     
0000641d  memset                              
0000648f  _system_post_cinit                  
00006490  main                                
00006505  __TI_auto_init                      
000065e1  C$$EXIT                             
000065e5  abort                               
000065ed  exit                                
00006631  copy_in                             
0000667d  _register_unlock                    
00006683  _register_lock                      
0000668b  _nop                                
00006691  __TI_decompress_none                
0000669f  __TI_decompress_rle24               
000066a4  phantomInterrupt                    
00006864  __TI_Handler_Table_Base             
0000686c  __TI_CINIT_Base                     
0000686c  __TI_Handler_Table_Limit            
00006874  __TI_CINIT_Limit                    
08001500  __TI_cleanup_ptr                    
08001504  __TI_dtors_ptr                      
08001508  __TI_enable_exit_profile_output     
0800150c  _lock                               
08001510  _unlock                             
ffffffff  __TI_pprof_out_hndl                 
ffffffff  __TI_prof_data_size                 
ffffffff  __TI_prof_data_start                
ffffffff  __binit__                           
ffffffff  __c_args__                          
ffffffff  binit                               
UNDEFED   SHT$$INIT_ARRAY$$Base               
UNDEFED   SHT$$INIT_ARRAY$$Limit              

[210 symbols]
